
Discarded input sections

 .eh_frame      0x0000000000000000      0x3e4 bin/lib.o
 .comment       0x0000000000000000       0xd7 bin/lib.o

Memory Configuration

Name             Origin             Length             Attributes
*default*        0x0000000000000000 0xffffffffffffffff

Linker script and memory map


.text           0x0000000000100000      0xa67
                0x0000000000100000                _text = ABSOLUTE (.)
 *(.text)
 .text          0x0000000000100000        0xd bin/kernel.o
                0x0000000000100000                _start
 *fill*         0x000000000010000d        0x3 00
 .text          0x0000000000100010      0xa57 bin/lib.o
                0x0000000000100010                memset
                0x0000000000100028                memcpy
                0x000000000010005d                memcmp
                0x00000000001000a9                strcpy
                0x00000000001000e2                strcat
                0x000000000010012c                list_init
                0x0000000000100148                list_add
                0x0000000000100197                list_addtail
                0x00000000001001e3                list_search
                0x000000000010022b                list_insert
                0x0000000000100298                list_unlink
                0x00000000001002d1                list_delete
                0x000000000010030b                list_empty
                0x0000000000100380                itoa
                0x00000000001005a8                dbcd_to_str
                0x00000000001005dc                dbcd_to_int
                0x0000000000100830                hash_create
                0x00000000001008e6                hash_set
                0x000000000010093e                hash_get
                0x00000000001009a9                hash_del
                0x0000000000100a14                hash_getaddr

.rel.dyn        0x0000000000100a68        0x0
 .rel.iplt      0x0000000000000000        0x0 bin/lib.o

.data           0x0000000000100a68        0x0
                0x0000000000100a68                _data = ABSOLUTE (.)
 *(.data .rodata)
 .data          0x0000000000100a68        0x0 bin/kernel.o
 .data          0x0000000000100a68        0x0 bin/lib.o

.igot.plt       0x0000000000100a68        0x0
 .igot.plt      0x0000000000000000        0x0 bin/lib.o

.bss            0x0000000000100a68        0x0
                0x0000000000100a68                _bss = ABSOLUTE (.)
 *(.bss)
 .bss           0x0000000000100a68        0x0 bin/kernel.o
 .bss           0x0000000000100a68        0x0 bin/lib.o
 *(COMMON)
                0x0000000000100a68                _end = ABSOLUTE (.)

.bios
 *(bios)

/DISCARD/
 *(.symtab)
 *(.comment)
 *(.eh_frame)
 *(.iplt)
 *(.shstrtab)
 *(.strtab)
 *(.shstrtab)
 *(.rel.dyn)
 *(.shstrtab)
LOAD bin/kernel.o
LOAD bin/lib.o
OUTPUT(bin/kernel.bin elf32-i386)

.note.GNU-stack
                0x0000000000000000        0x0
 .note.GNU-stack
                0x0000000000000000        0x0 bin/lib.o
